<?xml version="1.0" encoding="UTF-8"?>
<data>
  <content>
    <DIV class="document_title">소액물품 검사/검수조서</DIV>
    <SCRIPT language="javascript">/* 라벨 프린트  */
			function openLabelPrint(safeReqNo){
				var url = 'http://biz.kitech.re.kr/websquare/popup.html?w2xPath=/kitech/saf/che/RaiseManageInfoSelPop.xml';
				var node = url+'&amp;amp;safeReqNo='+safeReqNo;
				node = node.replaceAll('amp;amp;','');
				if(navigator.appName != 'Microsoft Internet Explorer'){
					node = node.replaceAll('amp;','');
				}
				window.open(node,'', 'width=550px, height=350px, location=no, resizable=yes');
				gyolJae.show();
				gyolJaeCt.show();
				//$('#LabelWrap').hide();
			}
			/* 사진화일  */
			function openPhotoFile (photoFileNo) {						
				var photoUrl = 'http://biz.kitech.re.kr/bizimages/pur/attach/'+photoFileNo;	
				window.open(photoUrl, '', 'width=1024, height=768, toolbar=no, menubar=no, resizable=yes, titlebar=yes');
			}
			
			/* 사전 안전성 검토 */
			function openSafeDodfpr(safeReqNo){
				var ozFileNm = '/ccs/csf/SafeDodfprRegistMnt.ozr';
				var ozrNm = 'SafeDodfprRegistMnt';
				var url = 'http://biz.kitech.re.kr/websquare/popup.html?w2xPath=/kitech/com/oz/ComPopupOZReport.xml';
				var node = url+'&amp;amp;ozr='+ozFileNm+'&amp;amp;odi='+ozrNm+'&amp;amp;printMode=Y&amp;amp;param=req_no^'+safeReqNo;
				node = node.replaceAll('amp;amp;','');
				if(navigator.appName != 'Microsoft Internet Explorer'){
					node = node.replaceAll('amp;','');
				}
				window.open(node,'OZReport', 'width=1012px, height=610px, location=no, resizable=yes');   
				
			}</SCRIPT>
    <DIV style="color:#FF0000;text-align:left;font-weight:bold" />
    <TABLE class="aproutertable" cellspacing="0" cellpadding="0" border="0" width="100%">
      <TR>
        <TD class="body">
          <TABLE class="aprinnertable" cellspacing="0" cellpadding="0" border="0" width="100%">
            <TR>
              <TD class="title2" width="15%">검수번호</TD>
              <TD class="contant-center" width="20%">
                F2720220010D
                <BR />
              </TD>
              <TD class="title2" width="15%">검사부서</TD>
              <TD class="contant-center" width="20%">
                정보화추진실
                <BR />
              </TD>
              <TD class="title2" width="15%">검사일자</TD>
              <TD class="contant-center" width="30%">
                2022
										-
										05
										-
										06
                <BR />
              </TD>
            </TR>
            <TR>
              <TD class="title2">검수금액</TD>
              <TD class="contant-right">
                66,000
                <BR />
              </TD>
              <TD class="title2">검사자</TD>
              <TD class="contant">
                이윤민
										(
										160348
										)
                <BR />
              </TD>
              <TD class="title2">당해년도 과제기간</TD>
              <TD class="contant">
                20220101 ~ 20221231
                <BR />
              </TD>
            </TR>
            <TR>
              <TD class="title2">계정번호</TD>
              <TD colspan="3" class="contant">
                (
										DM220070
										)
										　정보화추진실
                <BR />
              </TD>
              <TD class="title2">계정책임자</TD>
              <TD class="contant">
                김기탁(050002)
										(
										050002
										)
                <BR />
              </TD>
            </TR>
            <TR>
              <TD class="title2">비용코드</TD>
              <TD class="contant">
                (
										222
										)
										　소모품비
                <BR />
              </TD>
              <TD class="title2">회계코드</TD>
              <TD colspan="3" class="contant">
                (
										52201020
										)
										　재료비
                <BR />
              </TD>
            </TR>
            <TR>
              <TD class="title2">검수(입회)자</TD>
              <TD class="contant">
                김지선
										(
										140546
										)
                <BR />
              </TD>
              <TD class="title2">검수(입회)부서</TD>
              <TD class="contant-center">
                안전보건총괄실
                <BR />
              </TD>
              <TD class="title2">검수(입회)자직책</TD>
              <TD class="contant-center">
                사무원
                <BR />
              </TD>
            </TR>
            <TR>
              <TD class="title2">납품일자</TD>
              <TD class="contant-center">
                2022
										-
										05
										-
										06
                <BR />
              </TD>
              <TD class="title2">사전 안전성 번호</TD>
              <TD class="contant-center">
                <A href="javascript:openSafeDodfpr(&quot;D31202200113&quot;)">D31202200113</A>
              </TD>
              <TD class="title2">기술장비/컴퓨터 관련여부</TD>
              <TD class="contant-center">해당안함</TD>
            </TR>
            <TR>
              <TD class="title2">지역,건물,층,호수</TD>
              <TD colspan="5" class="contant">-선택-
										시
										　-선택-
										동
										　-선택-　
										호
										　</TD>
            </TR>
          </TABLE>
        </TD>
      </TR>
    </TABLE>
    <P />
    <SCRIPT>var aprActionButtonArr = $('#aprActionTbl tbody tr td a img');
					var aprActionInputArr = $('#aprActionTbl tbody tr td input');
					var gyolJae = '';
					var gyolJaeCt = '';
					var gyolJaeCnt = 0;
					for (var i = 0; i != aprActionInputArr.length; i++) {
						if(aprActionInputArr[i].src.match('bt_gyoljae')){
							gyolJae = $(aprActionInputArr[i]);
							gyolJae.hide();
							gyolJaeCnt++;
						}
					}
					for (var i = 0; i != aprActionButtonArr.length; i++) {
						if(aprActionButtonArr[i].src.match('bt_gyoljae')){
							gyolJaeCt = $(aprActionButtonArr[i]);
							gyolJaeCt.hide();
							gyolJaeCnt++;
						}
					}
					
					setTimeout(function(){
					    if(gyolJaeCnt != 0){
							$('#aprActionTbl tbody tr').prepend($('#hiddenLabelWrap').html());
						}
					},500)</SCRIPT>
    <TABLE style="display: none;">
      <TR id="hiddenLabelWrap">
        <TD style="position: relative;" id="LabelWrap">
          <A style="cursor:pointer;margin-left:5px;display: inline-block;" href="javascript:openLabelPrint(&quot;D31202200113&quot;)">
            <IMG src="/images/Icon/bt_print.gif" />
            <SPAN style="position: absolute;width: 49%;top: 4px;left: 29px;color: #7a7a7a;height: 19px;line-height: 1.9;text-align: center;background: rgb(255,255,255);background: linear-gradient(180deg, rgba(255,255,255,1) 0%, rgba(227,227,227,1) 100%);cursor: pointer;">라벨</SPAN>
          </A>
        </TD>
      </TR>
    </TABLE>
    <TABLE class="aproutertable" cellpadding="0" cellspacing="0" border="0" width="100%">
      <TR>
        <TD class="head" width="100%">화학물질 사전 안전성 검토</TD>
      </TR>
    </TABLE>
    <TABLE class="aproutertable" cellspacing="0" cellpadding="0" border="0" width="100%">
      <TR>
        <TD class="body">
          <TABLE class="aprinnertable" cellpadding="0" cellspacing="0" border="0" width="100%">
            <TR>
              <TD class="title">제품명</TD>
              <TD class="title">물질명(영문)</TD>
              <TD class="title">CAS 번호</TD>
              <TD class="title">혼합물여부</TD>
              <TD class="title">용량</TD>
              <TD class="title">수량</TD>
              <TD class="title">MSDS 링크</TD>
            </TR>
            <TR>
              <TD class="contant-center" width="10%">1,3,5-Benzenetricarbonyl trichloride</TD>
              <TD class="contant-center" width="25%">1,3,5-Benzenetricarbonyl trichloride</TD>
              <TD class="contant-center" width="10%">4422-95-1</TD>
              <TD class="contant-center" width="10%">N</TD>
              <TD class="contant-center" width="20%">10.00 G</TD>
              <TD class="contant-center" width="10%">1</TD>
              <TD class="contant-center" width="25%">
                <A href="https://msds.lab-manager.com/v/u?url=https%3A%2F%2Fwww.sigmaaldrich.com%2FKR%2Fko%2Fsds%2Faldrich%2F147532" target="blank">링크</A>
              </TD>
            </TR>
            <TR>
              <TD class="contant-center" width="10%">1,4-Benzenedimethanol</TD>
              <TD class="contant-center" width="25%">1,4-Benzenedimethanol</TD>
              <TD class="contant-center" width="10%">589-29-7</TD>
              <TD class="contant-center" width="10%">N</TD>
              <TD class="contant-center" width="20%">100.00 g</TD>
              <TD class="contant-center" width="10%">2</TD>
              <TD class="contant-center" width="25%">
                <A href="https://msds.lab-manager.com/v/u?url=https%3A%2F%2Fsjack-lab-manager.s3.amazonaws.com%2Ftemp_pdf%2FD0605.pdf" target="blank">링크</A>
              </TD>
            </TR>
            <TR>
              <TD class="contant-center" width="10%">Benzo[b]thien-2-ylboronic acid</TD>
              <TD class="contant-center" width="25%">benzo[b]thiophen-2-ylboronic acid</TD>
              <TD class="contant-center" width="10%">98437-23-1</TD>
              <TD class="contant-center" width="10%">N</TD>
              <TD class="contant-center" width="20%">5.00 G</TD>
              <TD class="contant-center" width="10%">3</TD>
              <TD class="contant-center" width="25%">
                <A href="https://msds.lab-manager.com/v/u?url=https%3A%2F%2Fwww.sigmaaldrich.com%2FKR%2Fko%2Fsds%2Faldrich%2F499978" target="blank">링크</A>
              </TD>
            </TR>
          </TABLE>
        </TD>
      </TR>
    </TABLE>
    <P />
    <TABLE class="aproutertable" cellpadding="0" cellspacing="0" border="0" width="100%">
      <TR>
        <TD class="head" width="100%">소액물품 검수 상세내역</TD>
      </TR>
    </TABLE>
    <TABLE class="aproutertable" cellspacing="0" cellpadding="0" border="0" width="100%">
      <TR>
        <TD class="body">
          <TABLE class="aprinnertable" cellpadding="0" cellspacing="0" border="0" width="100%">
            <TR>
              <TD class="title">품명</TD>
              <TD class="title">단위</TD>
              <TD class="title">수량</TD>
              <TD class="title">단가</TD>
              <TD class="title">금액(부가세별도)</TD>
              <TD class="title">부가세</TD>
              <TD class="title">총액</TD>
            </TR>
            <TR>
              <TD class="contant">5.6 테스트</TD>
              <TD class="contant-center">개</TD>
              <TD class="contant-right">6</TD>
              <TD class="contant-right">10,000</TD>
              <TD class="contant-right">60,000</TD>
              <TD class="contant-right">6,000</TD>
              <TD class="contant-right">66,000</TD>
            </TR>
            <TR>
              <TD colspan="3" class="title2">합 계</TD>
              <TD class="contant-right">10,000</TD>
              <TD class="contant-right">60,000</TD>
              <TD class="contant-right">6,000</TD>
              <TD class="contant-right">66,000</TD>
            </TR>
          </TABLE>
        </TD>
      </TR>
    </TABLE>
    <P />
    <TABLE class="aproutertable" cellspacing="0" cellpadding="0" border="0" width="100%">
      <TR>
        <TD class="body">
          <TABLE class="aprinnertable" cellspacing="0" cellpadding="0" border="0" width="100%" />
        </TD>
      </TR>
      <TR>
        <TD class="body">
          <TABLE class="aprinnertable" cellspacing="0" cellpadding="0" border="0" width="100%" />
        </TD>
      </TR>
    </TABLE>
    <DIV />
  </content>
  <title />
  <request />
  <response />
</data>

