<?xml version="1.0" encoding="UTF-8"?>
<data>
  <content>
    <DIV class="document_title">휴가원</DIV>
    <TABLE class="aproutertable" width="100%">
      <TR>
        <TD style="background-image: url(/processparticipant/worklist/img/bot_title03.gif); background-repeat: no-repeat; background-position: 0.5% 80%;padding; padding-left: 25px;" class="head">사후결재 정보</TD>
      </TR>
      <TR>
        <TD class="body">
          <TABLE class="aprinnertable" width="100%">
            <TR>
              <TD class="title2" width="10%">사 유</TD>
              <TD class="contant" width="90%">121212121212</TD>
            </TR>
          </TABLE>
        </TD>
      </TR>
    </TABLE>
    <TABLE style="margin-bottom:20px;" class="aproutertable" cellspacing="0" cellpadding="0" border="0" width="100%">
      <TR>
        <TD class="head">신청 정보</TD>
      </TR>
      <TR>
        <TD class="body">
          <TABLE class="aprinnertable" cellspacing="0" cellpadding="0" border="0" width="100%">
            <TR>
              <TD class="title2">휴가자</TD>
              <TD class="contant" width="35%">
                이민기(130576)
                <A style="margin-left:10px;color:gray;" onclick="window.open(this.href,this.target,'width=725,height=575,scrollbars=1');return false;" target="_blank" href="http://biz.kitech.re.kr/filter/index.jsp?serviceid=C22A&amp;sysPayNo=20130576">휴가사용내역</A>
              </TD>
              <TD class="title2">신청번호</TD>
              <TD class="contant" width="35%">C55202203E95</TD>
            </TR>
            <TR>
              <TD class="title2">소속</TD>
              <TD class="contant">정보화추진실</TD>
              <TD class="title2">직급</TD>
              <TD class="contant">선임행정원</TD>
            </TR>
            <TR>
              <TD class="title2">휴가구분</TD>
              <TD class="contant">공가</TD>
              <TD class="title2">휴가사유</TD>
              <TD class="contant">개인사정</TD>
            </TR>
            <TR>
              <TD class="title2">휴가기간</TD>
              <TD colspan="3" class="contant">2022-05-23
										~
										2022-05-23
											(
											1
											일)</TD>
            </TR>
            <TR>
              <TD class="title2">신청전 잔여연차</TD>
              <TD class="contant">29.25000일</TD>
              <TD class="title2">신청후 잔여연차</TD>
              <TD class="contant">29.25000일</TD>
            </TR>
            <TR>
              <TD class="title2">신청전 잔여보상휴가</TD>
              <TD class="contant">1.21875일  (1일 1시간)</TD>
              <TD class="title2">신청후 잔여보상휴가</TD>
              <TD class="contant">1.21875일  (1일 1시간)</TD>
            </TR>
            <TR>
              <TD class="title2">행선지</TD>
              <TD class="contant" />
              <TD class="title2">입사일</TD>
              <TD class="contant">2013-10-28</TD>
            </TR>
            <TR>
              <TD class="title2">직무대행</TD>
              <TD class="contant">배소연(170701)</TD>
              <TD class="title2">작성자</TD>
              <TD class="contant">이민기(130576)</TD>
            </TR>
            <TR>
              <TD class="title2">첨부파일</TD>
              <TD colspan="3" class="contant" />
            </TR>
          </TABLE>
        </TD>
      </TR>
    </TABLE>
  </content>
  <title />
  <request />
  <response />
</data>

