<html lang="kr">
<head>
<META http-equiv="Content-Type" content="text/html; charset=UTF-8">
<meta charset="UTF-8">
<title>휴가원</title>
<link type="text/css" rel="stylesheet" href="snapshot.css">
</head>
<body>
<table style="margin-bottom:20px;" class="aproutertable" cellspacing="0" cellpadding="0" border="0" width="100%">
<tr>
<td class="head">신청 정보</td>
</tr>
<tr>
<td class="body">
<table class="aprinnertable" cellspacing="0" cellpadding="0" border="0" width="100%">
<tr>
<td class="title2">휴가자</td><td class="contant" width="35%">이민기(130576)<a style="margin-left:10px;color:gray;" onclick="window.open(this.href,this.target,'width=725,height=575,scrollbars=1');return false;" target="_blank" href="http://biz.kitech.re.kr/filter/index.jsp?serviceid=C22A&amp;sysPayNo=20130576">
											휴가사용내역
										</a></td><td class="title2">신청번호</td><td class="contant" width="35%">C55202200123</td>
</tr>
<tr>
<td class="title2">소속</td><td class="contant">정보화추진실</td><td class="title2">직급</td><td class="contant"></td>
</tr>
<tr>
<td class="title2">휴가구분</td><td class="contant"></td><td class="title2">휴가사유</td><td class="contant">개인사정</td>
</tr>
<tr>
<td class="title2">휴가기간</td><td colspan="3" class="contant">
										~
										
											(
											
											일)
										</td>
</tr>
<tr>
<td class="title2">신청전 잔여연차</td><td class="contant">일
										</td><td class="title2">신청후 잔여연차</td><td class="contant">일
										</td>
</tr>
<tr>
<td class="title2">신청전 잔여보상휴가</td><td class="contant"></td><td class="title2">신청후 잔여보상휴가</td><td class="contant"></td>
</tr>
<tr>
<td class="title2">행선지</td><td class="contant"></td><td class="title2">입사일</td><td class="contant"></td>
</tr>
<tr>
<td class="title2">직무대행</td><td class="contant"></td><td class="title2">작성자</td><td class="contant"></td>
</tr>
</table>
</td>
</tr>
</table>
</body>
</html>
